// Jest Snapshot v1, https://goo.gl/fbAQLP

exports[`Basic Usage Snapshot 1`] = `
<DocumentFragment>
  <button
    class="MuiButtonBase-root MuiButton-root MuiButton-contained MyClass Mui-disabled MuiButton-fullWidth Mui-disabled"
    data-testid="myBtn"
    disabled=""
    tabindex="-1"
    type="button"
  >
    <span
      class="MuiButton-label"
    >
      <div
        class="MuiBox-root MuiBox-root-315"
      >
        <svg
          aria-hidden="true"
          class="MuiSvgIcon-root"
          focusable="false"
          viewBox="0 0 24 24"
        >
          <path
            d="M19 19H5V5h7V3H5c-1.11 0-2 .9-2 2v14c0 1.1.89 2 2 2h14c1.1 0 2-.9 2-2v-7h-2v7zM14 3v2h3.59l-9.83 9.83 1.41 1.41L19 6.41V10h2V3h-7z"
          />
        </svg>
      </div>
      MyLabel
      <div
        class="MuiCircularProgress-root makeStyles-progress-281 MuiCircularProgress-colorPrimary MuiCircularProgress-indeterminate"
        role="progressbar"
        style="width: 20px; height: 20px;"
      >
        <svg
          class="MuiCircularProgress-svg"
          viewBox="22 22 44 44"
        >
          <circle
            class="MuiCircularProgress-circle MuiCircularProgress-circleIndeterminate"
            cx="44"
            cy="44"
            fill="none"
            r="20.2"
            stroke-width="3.6"
          />
        </svg>
      </div>
    </span>
  </button>
</DocumentFragment>
`;
