// Jest Snapshot v1, https://goo.gl/fbAQLP

exports[`Basic Usage Snapshot 1`] = `
<DocumentFragment>
  <div
    class="MuiPaper-root makeStyles-paper-30 MuiPaper-elevation1 MuiPaper-rounded"
  >
    <div>
      MyChild
    </div>
  </div>
</DocumentFragment>
`;
