// Jest Snapshot v1, https://goo.gl/fbAQLP

exports[`Basic Usage Snapshot 1`] = `
<DocumentFragment>
  <div
    class="makeStyles-toolbar-1"
  />
</DocumentFragment>
`;
