// Jest Snapshot v1, https://goo.gl/fbAQLP

exports[`Expansion Usage 1 Snapshot 1`] = `
<DocumentFragment>
  <div
    class="MuiBox-root MuiBox-root-504 makeStyles-dialog-502"
  />
</DocumentFragment>
`;
